
> founderskick@1.0.0 build
> node --max-old-space-size=4096 ./node_modules/vite/bin/vite.js build

[36mvite v6.4.1 [32mbuilding for production...[36m[39m
transforming...
